>>> from base_geometry import BaseGeometry
>>> bg = BaseGeometry()

# Testing area() method
>>> bg.area()
Traceback (most recent call last):
    ...
Exception: area() is not implemented

# Testing integer_validator() method with valid inputs
>>> bg.integer_validator("width", 5)  # No exception expected
>>> bg.integer_validator("height", 10)  # No exception expected

# Testing integer_validator() method with invalid inputs
>>> bg.integer_validator("height", -3)
Traceback (most recent call last):
    ...
ValueError: height must be greater than 0

>>> bg.integer_validator("length", "ten")
Traceback (most recent call last):
    ...
TypeError: length must be an integer

>>> bg.integer_validator("width", 0)
Traceback (most recent call last):
    ...
ValueError: width must be greater than 0

>>> bg.integer_validator("length", -1)
Traceback (most recent call last):
    ...
ValueError: length must be greater than 0

# Edge Case: Large value input
>>> bg.integer_validator("distance", 1000000000)  # No exception expected

# Edge Case: Very small positive integer
>>> bg.integer_validator("size", 1)  # No exception expected

